// Jest Snapshot v1, https://goo.gl/fbAQLP

exports[`ProjectsList renders a list of projects 1`] = `
<ApolloProvider
  client={
    ApolloClient {
      "cache": InMemoryCache {
        "addTypename": true,
        "config": Object {
          "addTypename": true,
          "dataIdFromObject": [Function],
          "fragmentMatcher": HeuristicFragmentMatcher {},
          "storeFactory": [Function],
        },
        "data": ObjectCache {
          "data": Object {},
        },
        "optimistic": Array [],
        "silenceBroadcast": false,
        "typenameDocumentCache": WeakMap {},
        "watches": Array [],
      },
      "defaultOptions": Object {},
      "disableNetworkFetches": false,
      "link": ApolloLink {
        "request": [Function],
      },
      "mutate": [Function],
      "query": [Function],
      "queryDeduplication": true,
      "reFetchObservableQueries": [Function],
      "resetStore": [Function],
      "resetStoreCallbacks": Array [],
      "ssrMode": false,
      "store": DataStore {
        "cache": InMemoryCache {
          "addTypename": true,
          "config": Object {
            "addTypename": true,
            "dataIdFromObject": [Function],
            "fragmentMatcher": HeuristicFragmentMatcher {},
            "storeFactory": [Function],
          },
          "data": ObjectCache {
            "data": Object {},
          },
          "optimistic": Array [],
          "silenceBroadcast": false,
          "typenameDocumentCache": WeakMap {},
          "watches": Array [],
        },
      },
      "version": "2.3.7",
      "watchQuery": [Function],
    }
  }
>
  <ProjectsList />
</ApolloProvider>
`;
